../Core/Src/ILI9341_STM32_Driver.c:6:6:HAL_SPI_TxCpltCallback	16	static
../Core/Src/ILI9341_STM32_Driver.c:15:13:ILI9341_SPI_Tx	16	static
../Core/Src/ILI9341_STM32_Driver.c:23:13:ILI9341_SPI_TxBuffer	16	static
../Core/Src/ILI9341_STM32_Driver.c:31:6:ILI9341_WriteCommand	16	static
../Core/Src/ILI9341_STM32_Driver.c:39:6:ILI9341_WriteData	16	static
../Core/Src/ILI9341_STM32_Driver.c:47:6:ILI9341_WriteBuffer	16	static
../Core/Src/ILI9341_STM32_Driver.c:55:6:ILI9341_SetAddress	32	static
../Core/Src/ILI9341_STM32_Driver.c:77:6:ILI9341_Reset	8	static
../Core/Src/ILI9341_STM32_Driver.c:87:6:ILI9341_Enable	8	static
../Core/Src/ILI9341_STM32_Driver.c:92:6:ILI9341_Init	8	static
../Core/Src/ILI9341_STM32_Driver.c:228:6:ILI9341_SetRotation	16	static
../Core/Src/ILI9341_STM32_Driver.c:260:6:ILI9341_DrawColor	24	static
../Core/Src/ILI9341_STM32_Driver.c:266:6:ILI9341_DrawColorBurst	80	dynamic
../Core/Src/ILI9341_STM32_Driver.c:307:6:ILI9341_FillScreen	16	static
../Core/Src/ILI9341_STM32_Driver.c:313:6:ILI9341_DrawPixel	32	static
../Core/Src/ILI9341_STM32_Driver.c:331:6:ILI9341_DrawRectangle	24	static
../Core/Src/ILI9341_STM32_Driver.c:349:6:ILI9341_DrawHLine	24	static
../Core/Src/ILI9341_STM32_Driver.c:362:6:ILI9341_DrawVLine	24	static
